ImageMagick
ImageMagick-perl
NetworkManager-tui
ORBit2
SafenetAuthenticationClient
VirtualBox
abiword
adobe-release-x86_64
alacritty
alsa-sof-firmware
anaconda
anaconda-install-env-deps
anaconda-live
antlrworks
arandr
audacity
avahi-ui-gtk3
batik-util
beep
binutils-gold
bitwarden
blueman
chkconfig
code
compat-libstdc++-33
compat-openssl10
compat-readline5
conky
containerd
cool-retro-term
cowsay
dconf-editor
digikam
dnfdragora
dracut-live
dunst
ebtables-legacy
ebtables-services
eclipse-jdt
ed
emacs
esmtp
f31-backgrounds-base
f31-backgrounds-gnome
faac
faad2-libs
fdk-aac
fedora-chromium-config
feh
ferdi
fernflower
ffmpeg
fish
flashrom
flatpak-selinux
flatpak-session-helper
fontawesome-fonts
fonts-filesystem
fonts-srpm-macros
fortune-mod
fuse3
fuse3-libs
gamin
gc
gcc-c++
gimp
gitkraken
glibc
gnome-shell-extension-horizontal-workspaces
gnome-shell-extension-user-theme
gnome-tweaks
gnome-vfs2
gnome-vfs2-common
golang
goocanvas
google-chrome-stable
gparted
gramps
grub-customizer
gstreamer1-libav
gstreamer1-plugin-openh264
gstreamer1-plugins-bad-freeworld
gthumb
gtkimageview
guake
guava
guile
guile22
htop
i3-gaps
icedtea-web
info
initscripts
intel-mediasdk
jad
java-11-openjdk
jd-gui
jitsi
jprofiler
jsr-305
keepassx
kernel-modules-extra
kitty
kmod-VirtualBox-5.9.10-100.fc32.x86_64
kmod-VirtualBox-5.9.11-100.fc32.x86_64
kmod-VirtualBox-5.9.11-200.fc33.x86_64
kse
langpacks-core-en
langpacks-en
levien-inconsolata-fonts
libIDL
libXScrnSaver
libXScrnSaver-devel
libXcomp
libappindicator
libappindicator-gtk3
libart_lgpl
libatomic_ops
libbonobo
libbonoboui
libbrotli
libdav1d
libdbusmenu
libdbusmenu-gtk2
libdbusmenu-gtk3
libdca
libde265
libdouble-conversion2-32bit
liberation-fonts
libesmtp
libfbclient2
libftdi
libgcc
libgnome
libgnome-keyring
libgnomecanvas
libgnomeui
libical-glib
libindicator
libindicator-gtk3
libjpeg8
libmms
libmodplug
libmodulemd
libmpdclient
libmpeg2
libnsl
libpasswdqc
libpng12
librsvg2-devel
librsvg2-tools
librtmp
libslirp
libstdc++
libstdc++-static
libtextstyle
libunrar
libvirt-daemon-config-network
libvkd3d-shader
libwnck
libwpe
libxcrypt-compat
libxkbfile-devel
light
lilv
lpf-spotify-client
lua5.1-luv
lutris
m4
mailx
make
maven
mediawriter
meld
memtest86+
messengerfordesktop
mjpegtools-libs
moby-engine
mono-complete
mozilla-fira-mono-fonts
mpv-libs-devel
nano
ncdc
ncurses-compat-libs
netresolve-tools
network-manager-applet
nitrogen
nmap
nodejs
nodejs-docs
nodejs-packaging
notepadqq
nx-libs
nxproxy
openh264
openssl-devel
pam_passwdqc
passwdqc-utils
patch
pavucontrol
pcmanfm
peek
perl-Cairo
perl-Class-Accessor
perl-Class-Data-Inheritable
perl-Compress-Raw-Bzip2
perl-Compress-Raw-Zlib
perl-Cpanel-JSON-XS
perl-Data-Dump
perl-Data-OptList
perl-Data-Section
perl-Digest-HMAC
perl-Digest-SHA
perl-Encode-Locale
perl-File-Copy-Recursive
perl-File-Listing
perl-File-Which
perl-Glib
perl-Gnome2
perl-Gnome2-Canvas
perl-Gnome2-VFS
perl-Gnome2-Wnck
perl-Goo-Canvas
perl-Gtk2
perl-Gtk2-AppIndicator
perl-Gtk2-ImageView
perl-Gtk2-Unique
perl-HTML-Form
perl-HTML-Parser
perl-HTML-Tagset
perl-HTML-Tree
perl-HTTP-Cookies
perl-HTTP-Date
perl-HTTP-Message
perl-HTTP-Negotiate
perl-IO-Compress
perl-IO-HTML
perl-IO-stringy
perl-Image-ExifTool
perl-Importer
perl-JSON
perl-JSON-MaybeXS
perl-LWP-MediaTypes
perl-LWP-Protocol-https
perl-Locale-Maketext
perl-Locale-gettext
perl-MIME-Charset
perl-MRO-Compat
perl-Module-Load
perl-NKF
perl-NTLM
perl-Net-DBus
perl-Net-HTTP
perl-Net-OAuth
perl-Package-Generator
perl-Pango
perl-Params-Util
perl-Path-Class
perl-Perl-OSType
perl-Proc-ProcessTable
perl-Proc-Simple
perl-Software-License
perl-Sort-Naturally
perl-Sub-Exporter
perl-Sub-Install
perl-Term-Size-Any
perl-Term-Size-Perl
perl-Term-Table
perl-Test-Simple
perl-Text-Template
perl-TimeDate
perl-Try-Tiny
perl-Unicode-LineBreak
perl-WWW-Mechanize
perl-WWW-RobotRules
perl-WebService-Dropbox
perl-X11-Protocol
perl-X11-Protocol-Other
perl-XML-NamespaceSupport
perl-XML-Parser
perl-XML-SAX
perl-XML-SAX-Base
perl-XML-Simple
perl-XML-Twig
perl-libwww-perl
perl-macros
picom
polybar
powerline-fonts
pulseaudio-equalizer
py3status
python3-abrt-addon
python3-beautifulsoup4
python3-devel
python3-dnf-plugin-system-upgrade
python3-lxml
python3-neovim
python3-soupsieve
qbittorrent
qt5-qtbase-devel
qt5-qtquickcontrols2
qt5-qtwayland
qt5-qtwebengine-devel
ranger
redhat-lsb-core
redhat-lsb-submod-security
redshift
redshift-gtk
rememberthemilk
remmina
remmina-plugins-exec
remmina-plugins-nx
remmina-plugins-rdp
remmina-plugins-secret
remmina-plugins-st
remmina-plugins-vnc
remmina-plugins-xdmcp
rofi
rpmfusion-free-appstream-data
rpmfusion-free-release
rpmfusion-nonfree-appstream-data
rpmfusion-nonfree-release
runc
screenfetch
screenkey
scudcloud
serd
shutter
skypeforlinux
sl
slack
sombok
sord
sox
spax
spotify-client
sratom
srt-libs
sslscan
st
sublime-text
syslinux
system-config-printer
teams
teamviewer
the_silver_searcher
thunderbird
tss2
ulauncher
unrar
util-linux-user
vapoursynth-libs
viber
vim-filesystem
vlc
vlc-core
w3m
wavemon
wine-webdings-fonts
wpebackend-fdo
xfce4-notifyd
xorg-x11-server-Xephyr
yum
zoom
